

================================================================
== Synthesis Summary Report of 'rtl_kernel_wizard_1'
================================================================
+ General Information: 
    * Date:           Fri Mar 19 09:41:02 2021
    * Version:        2020.2 (Build 3064766 on Wed Nov 18 09:12:47 MST 2020)
    * Project:        prj
    * Solution:       sol (Vitis Kernel Flow Target)
    * Product family: virtexuplus
    * Target device:  xcu280-fsvh2892-2L-e
    

+ Performance & Resource Estimates: 
    
    PS: '+' for module; 'o' for loop; '*' for dataflow
    +---------------------------------------------+------+-------+---------+--------+----------+---------+------+----------+------+----+----------+------------+-----+
    |                   Modules                   | Issue|       | Latency | Latency| Iteration|         | Trip |          |      |    |          |            |     |
    |                   & Loops                   | Type | Slack | (cycles)|  (ns)  |  Latency | Interval| Count| Pipelined| BRAM | DSP|    FF    |     LUT    | URAM|
    +---------------------------------------------+------+-------+---------+--------+----------+---------+------+----------+------+----+----------+------------+-----+
    |+ rtl_kernel_wizard_1                        |     -|  -6.03|        -|       -|         -|        -|     -|        no|     -|   -|  51 (~0%)|  1420 (~0%)|    -|
    | + grp_example_stream_plus1_512_512_s_fu_50  |     -|  -6.42|        -|       -|         -|        -|     -|        no|     -|   -|   3 (~0%)|   664 (~0%)|    -|
    |  o VITIS_LOOP_95_1                          |     -|  -7.30|        -|       -|         1|        1|     -|       yes|     -|   -|         -|           -|    -|
    | + grp_example_stream_plus1_512_512_s_fu_66  |     -|  -6.42|        -|       -|         -|        -|     -|        no|     -|   -|   3 (~0%)|   664 (~0%)|    -|
    |  o VITIS_LOOP_95_1                          |     -|  -7.30|        -|       -|         1|        1|     -|       yes|     -|   -|         -|           -|    -|
    +---------------------------------------------+------+-------+---------+--------+----------+---------+------+----------+------+----+----------+------------+-----+

