

================================================================
== Vitis HLS Report for 'example_stream_plus1_512_512_s'
================================================================
* Date:           Fri Mar 19 09:41:01 2021

* Version:        2020.2 (Build 3064766 on Wed Nov 18 09:12:47 MST 2020)
* Project:        prj
* Solution:       sol (Vitis Kernel Flow Target)
* Product family: virtexuplus
* Target device:  xcu280-fsvh2892-2L-e


================================================================
== Performance Estimates
================================================================
+ Timing: 
    * Summary: 
    +--------+----------+----------+------------+
    |  Clock |  Target  | Estimated| Uncertainty|
    +--------+----------+----------+------------+
    |ap_clk  |  10.00 ns|  0.880 ns|     2.70 ns|
    +--------+----------+----------+------------+

+ Latency: 
    * Summary: 
    +---------+---------+----------+----------+-----+-----+---------+
    |  Latency (cycles) |  Latency (absolute) |  Interval | Pipeline|
    |   min   |   max   |    min   |    max   | min | max |   Type  |
    +---------+---------+----------+----------+-----+-----+---------+
    |        ?|        ?|         ?|         ?|    ?|    ?|     none|
    +---------+---------+----------+----------+-----+-----+---------+

    + Detail: 
        * Instance: 
        N/A

        * Loop: 
        +-------------------+---------+---------+----------+-----------+-----------+------+----------+
        |                   |  Latency (cycles) | Iteration|  Initiation Interval  | Trip |          |
        |     Loop Name     |   min   |   max   |  Latency |  achieved |   target  | Count| Pipelined|
        +-------------------+---------+---------+----------+-----------+-----------+------+----------+
        |- VITIS_LOOP_95_1  |        ?|        ?|         1|          1|          1|     ?|       yes|
        +-------------------+---------+---------+----------+-----------+-----------+------+----------+



================================================================
== Utilization Estimates
================================================================
* Summary: 
+---------------------+---------+------+---------+---------+-----+
|         Name        | BRAM_18K|  DSP |    FF   |   LUT   | URAM|
+---------------------+---------+------+---------+---------+-----+
|DSP                  |        -|     -|        -|        -|    -|
|Expression           |        -|     -|        0|      626|    -|
|FIFO                 |        -|     -|        -|        -|    -|
|Instance             |        -|     -|        -|        -|    -|
|Memory               |        -|     -|        -|        -|    -|
|Multiplexer          |        -|     -|        -|       38|    -|
|Register             |        -|     -|        3|        -|    -|
+---------------------+---------+------+---------+---------+-----+
|Total                |        0|     0|        3|      664|    0|
+---------------------+---------+------+---------+---------+-----+
|Available SLR        |     1344|  3008|   869120|   434560|  320|
+---------------------+---------+------+---------+---------+-----+
|Utilization SLR (%)  |        0|     0|       ~0|       ~0|    0|
+---------------------+---------+------+---------+---------+-----+
|Available            |     4032|  9024|  2607360|  1303680|  960|
+---------------------+---------+------+---------+---------+-----+
|Utilization (%)      |        0|     0|       ~0|       ~0|    0|
+---------------------+---------+------+---------+---------+-----+

+ Detail: 
    * Instance: 
    N/A

    * DSP: 
    N/A

    * Memory: 
    N/A

    * FIFO: 
    N/A

    * Expression: 
    +------------------------+----------+----+---+----+------------+------------+
    |      Variable Name     | Operation| DSP| FF| LUT| Bitwidth P0| Bitwidth P1|
    +------------------------+----------+----+---+----+------------+------------+
    |add_ln215_10_fu_303_p2  |         +|   0|  0|  39|          32|           1|
    |add_ln215_11_fu_319_p2  |         +|   0|  0|  39|          32|           1|
    |add_ln215_12_fu_335_p2  |         +|   0|  0|  39|          32|           1|
    |add_ln215_13_fu_351_p2  |         +|   0|  0|  39|          32|           1|
    |add_ln215_14_fu_367_p2  |         +|   0|  0|  39|          32|           1|
    |add_ln215_15_fu_383_p2  |         +|   0|  0|  39|          32|           1|
    |add_ln215_1_fu_159_p2   |         +|   0|  0|  39|          32|           1|
    |add_ln215_2_fu_175_p2   |         +|   0|  0|  39|          32|           1|
    |add_ln215_3_fu_191_p2   |         +|   0|  0|  39|          32|           1|
    |add_ln215_4_fu_207_p2   |         +|   0|  0|  39|          32|           1|
    |add_ln215_5_fu_223_p2   |         +|   0|  0|  39|          32|           1|
    |add_ln215_6_fu_239_p2   |         +|   0|  0|  39|          32|           1|
    |add_ln215_7_fu_255_p2   |         +|   0|  0|  39|          32|           1|
    |add_ln215_8_fu_271_p2   |         +|   0|  0|  39|          32|           1|
    |add_ln215_9_fu_287_p2   |         +|   0|  0|  39|          32|           1|
    |add_ln215_fu_143_p2     |         +|   0|  0|  39|          32|           1|
    |ap_block_state2         |        or|   0|  0|   2|           1|           1|
    +------------------------+----------+----+---+----+------------+------------+
    |Total                   |          |   0|  0| 626|         513|          17|
    +------------------------+----------+----+---+----+------------+------------+

    * Multiplexer: 
    +--------------------+----+-----------+-----+-----------+
    |        Name        | LUT| Input Size| Bits| Total Bits|
    +--------------------+----+-----------+-----+-----------+
    |ap_NS_fsm           |  20|          4|    1|          4|
    |mac1_m_TDATA_blk_n  |   9|          2|    1|          2|
    |mac1_s_TDATA_blk_n  |   9|          2|    1|          2|
    +--------------------+----+-----------+-----+-----------+
    |Total               |  38|          8|    3|          8|
    +--------------------+----+-----------+-----+-----------+

    * Register: 
    +-----------+---+----+-----+-----------+
    |    Name   | FF| LUT| Bits| Const Bits|
    +-----------+---+----+-----+-----------+
    |ap_CS_fsm  |  3|   0|    3|          0|
    +-----------+---+----+-----+-----------+
    |Total      |  3|   0|    3|          0|
    +-----------+---+----+-----+-----------+



================================================================
== Interface
================================================================
* Summary: 
+---------------+-----+-----+------------+--------------------------------+--------------+
|   RTL Ports   | Dir | Bits|  Protocol  |          Source Object         |    C Type    |
+---------------+-----+-----+------------+--------------------------------+--------------+
|ap_clk         |   in|    1|  ap_ctrl_hs|  example_stream_plus1<512, 512>|  return value|
|ap_rst         |   in|    1|  ap_ctrl_hs|  example_stream_plus1<512, 512>|  return value|
|ap_start       |   in|    1|  ap_ctrl_hs|  example_stream_plus1<512, 512>|  return value|
|ap_done        |  out|    1|  ap_ctrl_hs|  example_stream_plus1<512, 512>|  return value|
|ap_idle        |  out|    1|  ap_ctrl_hs|  example_stream_plus1<512, 512>|  return value|
|ap_ready       |  out|    1|  ap_ctrl_hs|  example_stream_plus1<512, 512>|  return value|
|mac1_s_TDATA   |   in|  512|        axis|                 s_axis_V_data_V|       pointer|
|mac1_s_TVALID  |   in|    1|        axis|                 s_axis_V_data_V|       pointer|
|mac1_s_TREADY  |  out|    1|        axis|                 s_axis_V_last_V|       pointer|
|mac1_s_TLAST   |   in|    1|        axis|                 s_axis_V_last_V|       pointer|
|mac1_s_TKEEP   |   in|   64|        axis|                 s_axis_V_keep_V|       pointer|
|mac1_m_TDATA   |  out|  512|        axis|                 m_axis_V_data_V|       pointer|
|mac1_m_TREADY  |   in|    1|        axis|                 m_axis_V_data_V|       pointer|
|mac1_m_TVALID  |  out|    1|        axis|                 m_axis_V_last_V|       pointer|
|mac1_m_TLAST   |  out|    1|        axis|                 m_axis_V_last_V|       pointer|
|mac1_m_TKEEP   |  out|   64|        axis|                 m_axis_V_keep_V|       pointer|
+---------------+-----+-----+------------+--------------------------------+--------------+

